Archive member included to satisfy reference by file (symbol)

/Users/domenicoamelino/Documents/openstm32/workspace/stm32f4discovery_stdperiph_lib/Debug/libstm32f4discovery_stdperiph_lib.a(misc.o)
                              src/tm_stm32f4_usart.o (NVIC_Init)
/Users/domenicoamelino/Documents/openstm32/workspace/stm32f4discovery_stdperiph_lib/Debug/libstm32f4discovery_stdperiph_lib.a(stm32f4xx_gpio.o)
                              src/stm32_ub_led.o (GPIO_Init)
/Users/domenicoamelino/Documents/openstm32/workspace/stm32f4discovery_stdperiph_lib/Debug/libstm32f4discovery_stdperiph_lib.a(stm32f4xx_rcc.o)
                              src/stm32_ub_led.o (RCC_AHB1PeriphClockCmd)
/Users/domenicoamelino/Documents/openstm32/workspace/stm32f4discovery_stdperiph_lib/Debug/libstm32f4discovery_stdperiph_lib.a(stm32f4xx_usart.o)
                              src/tm_stm32f4_usart.o (USART_DeInit)
/Users/domenicoamelino/Documents/openstm32/Eclipse.app/Contents/Eclipse/plugins/fr.ac6.mcu.externaltools.arm-none.macos64_1.6.0.201601291255/tools/compiler/bin/../lib/gcc/arm-none-eabi/5.2.1/../../../../arm-none-eabi/lib/armv7e-m/fpu/libc.a(lib_a-errno.o)
                              src/syscalls.o (__errno)
/Users/domenicoamelino/Documents/openstm32/Eclipse.app/Contents/Eclipse/plugins/fr.ac6.mcu.externaltools.arm-none.macos64_1.6.0.201601291255/tools/compiler/bin/../lib/gcc/arm-none-eabi/5.2.1/../../../../arm-none-eabi/lib/armv7e-m/fpu/libc.a(lib_a-exit.o)
                              /Users/domenicoamelino/Documents/openstm32/Eclipse.app/Contents/Eclipse/plugins/fr.ac6.mcu.externaltools.arm-none.macos64_1.6.0.201601291255/tools/compiler/bin/../lib/gcc/arm-none-eabi/5.2.1/../../../../arm-none-eabi/lib/armv7e-m/fpu/crt0.o (exit)
/Users/domenicoamelino/Documents/openstm32/Eclipse.app/Contents/Eclipse/plugins/fr.ac6.mcu.externaltools.arm-none.macos64_1.6.0.201601291255/tools/compiler/bin/../lib/gcc/arm-none-eabi/5.2.1/../../../../arm-none-eabi/lib/armv7e-m/fpu/libc.a(lib_a-impure.o)
                              /Users/domenicoamelino/Documents/openstm32/Eclipse.app/Contents/Eclipse/plugins/fr.ac6.mcu.externaltools.arm-none.macos64_1.6.0.201601291255/tools/compiler/bin/../lib/gcc/arm-none-eabi/5.2.1/../../../../arm-none-eabi/lib/armv7e-m/fpu/libc.a(lib_a-exit.o) (_global_impure_ptr)
/Users/domenicoamelino/Documents/openstm32/Eclipse.app/Contents/Eclipse/plugins/fr.ac6.mcu.externaltools.arm-none.macos64_1.6.0.201601291255/tools/compiler/bin/../lib/gcc/arm-none-eabi/5.2.1/../../../../arm-none-eabi/lib/armv7e-m/fpu/libc.a(lib_a-init.o)
                              /Users/domenicoamelino/Documents/openstm32/Eclipse.app/Contents/Eclipse/plugins/fr.ac6.mcu.externaltools.arm-none.macos64_1.6.0.201601291255/tools/compiler/bin/../lib/gcc/arm-none-eabi/5.2.1/../../../../arm-none-eabi/lib/armv7e-m/fpu/crt0.o (__libc_init_array)
/Users/domenicoamelino/Documents/openstm32/Eclipse.app/Contents/Eclipse/plugins/fr.ac6.mcu.externaltools.arm-none.macos64_1.6.0.201601291255/tools/compiler/bin/../lib/gcc/arm-none-eabi/5.2.1/../../../../arm-none-eabi/lib/armv7e-m/fpu/libc.a(lib_a-memset.o)
                              /Users/domenicoamelino/Documents/openstm32/Eclipse.app/Contents/Eclipse/plugins/fr.ac6.mcu.externaltools.arm-none.macos64_1.6.0.201601291255/tools/compiler/bin/../lib/gcc/arm-none-eabi/5.2.1/../../../../arm-none-eabi/lib/armv7e-m/fpu/crt0.o (memset)
/Users/domenicoamelino/Documents/openstm32/Eclipse.app/Contents/Eclipse/plugins/fr.ac6.mcu.externaltools.arm-none.macos64_1.6.0.201601291255/tools/compiler/bin/../lib/gcc/arm-none-eabi/5.2.1/../../../../arm-none-eabi/lib/armv7e-m/fpu/libc.a(lib_a-__call_atexit.o)
                              /Users/domenicoamelino/Documents/openstm32/Eclipse.app/Contents/Eclipse/plugins/fr.ac6.mcu.externaltools.arm-none.macos64_1.6.0.201601291255/tools/compiler/bin/../lib/gcc/arm-none-eabi/5.2.1/../../../../arm-none-eabi/lib/armv7e-m/fpu/libc.a(lib_a-exit.o) (__call_exitprocs)
/Users/domenicoamelino/Documents/openstm32/Eclipse.app/Contents/Eclipse/plugins/fr.ac6.mcu.externaltools.arm-none.macos64_1.6.0.201601291255/tools/compiler/bin/../lib/gcc/arm-none-eabi/5.2.1/../../../../arm-none-eabi/lib/armv7e-m/fpu/libc.a(lib_a-atexit.o)
                              /Users/domenicoamelino/Documents/openstm32/Eclipse.app/Contents/Eclipse/plugins/fr.ac6.mcu.externaltools.arm-none.macos64_1.6.0.201601291255/tools/compiler/bin/../lib/gcc/arm-none-eabi/5.2.1/../../../../arm-none-eabi/lib/armv7e-m/fpu/libc.a(lib_a-__call_atexit.o) (atexit)
/Users/domenicoamelino/Documents/openstm32/Eclipse.app/Contents/Eclipse/plugins/fr.ac6.mcu.externaltools.arm-none.macos64_1.6.0.201601291255/tools/compiler/bin/../lib/gcc/arm-none-eabi/5.2.1/../../../../arm-none-eabi/lib/armv7e-m/fpu/libc.a(lib_a-fini.o)
[...]
Memory Configuration

Name             Origin             Length             Attributes
FLASH            0x0000000008000000 0x0000000000100000 xr
RAM              0x0000000020000000 0x0000000000030000 xrw
MEMORY_B1        0x0000000060000000 0x0000000000000000 xr
*default*        0x0000000000000000 0xffffffffffffffff

Linker script and memory map

LOAD /Users/domenicoamelino/Documents/openstm32/Eclipse.app/Contents/Eclipse/plugins/fr.ac6.mcu.externaltools.arm-none.macos64_1.6.0.201601291255/tools/compiler/bin/../lib/gcc/arm-none-eabi/5.2.1/armv7e-m/fpu/crti.o
LOAD /Users/domenicoamelino/Documents/openstm32/Eclipse.app/Contents/Eclipse/plugins/fr.ac6.mcu.externaltools.arm-none.macos64_1.6.0.201601291255/tools/compiler/bin/../lib/gcc/arm-none-eabi/5.2.1/armv7e-m/fpu/crtbegin.o
LOAD /Users/domenicoamelino/Documents/openstm32/Eclipse.app/Contents/Eclipse/plugins/fr.ac6.mcu.externaltools.arm-none.macos64_1.6.0.201601291255/tools/compiler/bin/../lib/gcc/arm-none-eabi/5.2.1/../../../../arm-none-eabi/lib/armv7e-m/fpu/crt0.o
LOAD /Users/domenicoamelino/Documents/openstm32/Eclipse.app/Contents/Eclipse/plugins/fr.ac6.mcu.externaltools.arm-none.macos64_1.6.0.201601291255/tools/compiler/bin/../lib/gcc/arm-none-eabi/5.2.1/../../../../arm-none-eabi/lib/armv7e-m/fpu/libm.a
LOAD src/main.o
LOAD src/stm32_ub_led.o
LOAD src/syscalls.o
LOAD src/system_stm32f4xx.o
LOAD src/tm_stm32f4_gpio.o
LOAD src/tm_stm32f4_rng.o
LOAD src/tm_stm32f4_usart.o
LOAD startup/startup_stm32f4xx.o
LOAD /Users/domenicoamelino/Documents/openstm32/workspace/stm32f4discovery_stdperiph_lib/Debug/libstm32f4discovery_stdperiph_lib.a
START GROUP
LOAD /Users/domenicoamelino/Documents/openstm32/Eclipse.app/Contents/Eclipse/plugins/fr.ac6.mcu.externaltools.arm-none.macos64_1.6.0.201601291255/tools/compiler/bin/../lib/gcc/arm-none-eabi/5.2.1/armv7e-m/fpu/libgcc.a
LOAD /Users/domenicoamelino/Documents/openstm32/Eclipse.app/Contents/Eclipse/plugins/fr.ac6.mcu.externaltools.arm-none.macos64_1.6.0.201601291255/tools/compiler/bin/../lib/gcc/arm-none-eabi/5.2.1/../../../../arm-none-eabi/lib/armv7e-m/fpu/libc.a
END GROUP
LOAD /Users/domenicoamelino/Documents/openstm32/Eclipse.app/Contents/Eclipse/plugins/fr.ac6.mcu.externaltools.arm-none.macos64_1.6.0.201601291255/tools/compiler/bin/../lib/gcc/arm-none-eabi/5.2.1/armv7e-m/fpu/crtend.o
LOAD /Users/domenicoamelino/Documents/openstm32/Eclipse.app/Contents/Eclipse/plugins/fr.ac6.mcu.externaltools.arm-none.macos64_1.6.0.201601291255/tools/compiler/bin/../lib/gcc/arm-none-eabi/5.2.1/armv7e-m/fpu/crtn.o
                0x0000000020020000                _estack = 0x20020000
                0x0000000000000000                _Min_Heap_Size = 0x0
                0x0000000000000400                _Min_Stack_Size = 0x400

.isr_vector     0x0000000008000000      0x188
                0x0000000008000000                . = ALIGN (0x4)
 *(.isr_vector)
 .isr_vector    0x0000000008000000      0x188 startup/startup_stm32f4xx.o
                0x0000000008000000                g_pfnVectors
                0x0000000008000188                . = ALIGN (0x4)

.text           0x0000000008000188      0x97c
                0x0000000008000188                . = ALIGN (0x4)
 *(.text)
 .text          0x0000000008000188       0xa4 /Users/domenicoamelino/Documents/openstm32/Eclipse.app/Contents/Eclipse/plugins/fr.ac6.mcu.externaltools.arm-none.macos64_1.6.0.201601291255/tools/compiler/bin/../lib/gcc/arm-none-eabi/5.2.1/armv7e-m/fpu/crtbegin.o
 *(.text*)
 .text.main     0x000000000800022c       0xdc src/main.o
                0x000000000800022c                main
 .text.delay    0x0000000008000308       0x28 src/main.o
                0x0000000008000308                delay
 .text.UB_Led_Init
                0x0000000008000330       0xa8 src/stm32_ub_led.o
                0x0000000008000330                UB_Led_Init
 .text.UB_Led_Off
                0x00000000080003d8       0x40 src/stm32_ub_led.o
                0x00000000080003d8                UB_Led_Off
 .text.UB_Led_On
                0x0000000008000418       0x40 src/stm32_ub_led.o
                0x0000000008000418                UB_Led_On
 .text.UB_Led_Toggle
                0x0000000008000458       0x54 src/stm32_ub_led.o
                0x0000000008000458                UB_Led_Toggle
 .text.SystemInit
                0x00000000080004ac       0x5c src/system_stm32f4xx.o
                0x00000000080004ac                SystemInit
 .text.SetSysClock
                0x0000000008000508      0x128 src/system_stm32f4xx.o
 .text.TM_RNG_Init
                0x0000000008000630       0x30 src/tm_stm32f4_rng.o
                0x0000000008000630                TM_RNG_Init
 .text.TM_RNG_Get
                0x0000000008000660       0x24 src/tm_stm32f4_rng.o
                0x0000000008000660                TM_RNG_Get
 .text.TM_USART_INT_InsertToBuffer
                0x0000000008000684       0x5c src/tm_stm32f4_usart.o
                0x0000000008000684                TM_USART_INT_InsertToBuffer
 .text.USART1_IRQHandler
                0x00000000080006e0       0x30 src/tm_stm32f4_usart.o
                0x00000000080006e0                USART1_IRQHandler
 .text.USART2_IRQHandler
                0x0000000008000710       0x30 src/tm_stm32f4_usart.o
                0x0000000008000710                USART2_IRQHandler
 .text.USART3_IRQHandler
                0x0000000008000740       0x30 src/tm_stm32f4_usart.o
                0x0000000008000740                USART3_IRQHandler
 .text.UART4_IRQHandler
                0x0000000008000770       0x30 src/tm_stm32f4_usart.o
                0x0000000008000770                UART4_IRQHandler
 .text.UART5_IRQHandler
                0x00000000080007a0       0x30 src/tm_stm32f4_usart.o
                0x00000000080007a0                UART5_IRQHandler
 .text.USART6_IRQHandler
                0x00000000080007d0       0x30 src/tm_stm32f4_usart.o
                0x00000000080007d0                USART6_IRQHandler
 .text.Reset_Handler
                0x0000000008000800       0x48 startup/startup_stm32f4xx.o
                0x0000000008000800                Reset_Handler
 .text.Default_Handler
                0x0000000008000848        0x2 startup/startup_stm32f4xx.o
                0x0000000008000848                DMA1_Stream3_IRQHandler
                0x0000000008000848                HASH_RNG_IRQHandler
                0x0000000008000848                EXTI2_IRQHandler
                0x0000000008000848                TIM8_CC_IRQHandler
                0x0000000008000848                DebugMon_Handler
                0x0000000008000848                TIM1_CC_IRQHandler
                0x0000000008000848                DMA2_Stream5_IRQHandler
                0x0000000008000848                HardFault_Handler
                0x0000000008000848                DMA1_Stream5_IRQHandler
                0x0000000008000848                SysTick_Handler
                0x0000000008000848                PVD_IRQHandler
                0x0000000008000848                SDIO_IRQHandler
                0x0000000008000848                TAMP_STAMP_IRQHandler
                0x0000000008000848                PendSV_Handler
                0x0000000008000848                NMI_Handler
                0x0000000008000848                CAN2_RX1_IRQHandler
                0x0000000008000848                EXTI3_IRQHandler
                0x0000000008000848                TIM8_TRG_COM_TIM14_IRQHandler
                0x0000000008000848                TIM1_UP_TIM10_IRQHandler
                0x0000000008000848                TIM8_UP_TIM13_IRQHandler
                0x0000000008000848                I2C3_ER_IRQHandler
                0x0000000008000848                EXTI0_IRQHandler
                0x0000000008000848                I2C2_EV_IRQHandler
                0x0000000008000848                DMA1_Stream2_IRQHandler
                0x0000000008000848                CAN1_RX0_IRQHandler
                0x0000000008000848                FPU_IRQHandler
                0x0000000008000848                OTG_HS_WKUP_IRQHandler
                0x0000000008000848                UsageFault_Handler
                0x0000000008000848                CAN2_SCE_IRQHandler
                0x0000000008000848                DMA2_Stream2_IRQHandler
                0x0000000008000848                SPI1_IRQHandler
                0x0000000008000848                TIM6_DAC_IRQHandler
                0x0000000008000848                TIM1_BRK_TIM9_IRQHandler
                0x0000000008000848                DCMI_IRQHandler
                0x0000000008000848                CAN2_RX0_IRQHandler
                0x0000000008000848                DMA2_Stream3_IRQHandler
                0x0000000008000848                CRYP_IRQHandler
                0x0000000008000848                CAN1_RX1_IRQHandler
                0x0000000008000848                DMA2_Stream0_IRQHandler
                0x0000000008000848                TIM4_IRQHandler
                0x0000000008000848                I2C1_EV_IRQHandler
                0x0000000008000848                DMA1_Stream6_IRQHandler
                0x0000000008000848                DMA1_Stream1_IRQHandler
                0x0000000008000848                TIM3_IRQHandler
                0x0000000008000848                RCC_IRQHandler
                0x0000000008000848                TIM8_BRK_TIM12_IRQHandler
                0x0000000008000848                Default_Handler
                0x0000000008000848                EXTI15_10_IRQHandler
                0x0000000008000848                ADC_IRQHandler
                0x0000000008000848                DMA1_Stream7_IRQHandler
                0x0000000008000848                TIM7_IRQHandler
                0x0000000008000848                CAN2_TX_IRQHandler
                0x0000000008000848                TIM5_IRQHandler
                0x0000000008000848                DMA2_Stream7_IRQHandler
                0x0000000008000848                I2C3_EV_IRQHandler
                0x0000000008000848                EXTI9_5_IRQHandler
                0x0000000008000848                RTC_WKUP_IRQHandler
                0x0000000008000848                ETH_WKUP_IRQHandler
                0x0000000008000848                SPI2_IRQHandler
                0x0000000008000848                OTG_HS_EP1_IN_IRQHandler
                0x0000000008000848                MemManage_Handler
                0x0000000008000848                DMA1_Stream0_IRQHandler
                0x0000000008000848                CAN1_TX_IRQHandler
                0x0000000008000848                SVC_Handler
                0x0000000008000848                EXTI4_IRQHandler
                0x0000000008000848                FSMC_IRQHandler
                0x0000000008000848                ETH_IRQHandler
                0x0000000008000848                OTG_HS_EP1_OUT_IRQHandler
                0x0000000008000848                WWDG_IRQHandler
                0x0000000008000848                TIM2_IRQHandler
                0x0000000008000848                OTG_FS_WKUP_IRQHandler
                0x0000000008000848                TIM1_TRG_COM_TIM11_IRQHandler
                0x0000000008000848                OTG_HS_IRQHandler
                0x0000000008000848                EXTI1_IRQHandler
                0x0000000008000848                I2C2_ER_IRQHandler
                0x0000000008000848                DMA2_Stream1_IRQHandler
                0x0000000008000848                CAN1_SCE_IRQHandler
                0x0000000008000848                FLASH_IRQHandler
                0x0000000008000848                DMA2_Stream4_IRQHandler
                0x0000000008000848                BusFault_Handler
                0x0000000008000848                OTG_FS_IRQHandler
                0x0000000008000848                SPI3_IRQHandler
                0x0000000008000848                DMA1_Stream4_IRQHandler
                0x0000000008000848                I2C1_ER_IRQHandler
                0x0000000008000848                DMA2_Stream6_IRQHandler
                0x0000000008000848                RTC_Alarm_IRQHandler
 *fill*         0x000000000800084a        0x2 
 .text.GPIO_Init
                0x000000000800084c      0x11c /Users/domenicoamelino/Documents/openstm32/workspace/stm32f4discovery_stdperiph_lib/Debug/libstm32f4discovery_stdperiph_lib.a(stm32f4xx_gpio.o)
                0x000000000800084c                GPIO_Init
 .text.RCC_AHB1PeriphClockCmd
                0x0000000008000968       0x40 /Users/domenicoamelino/Documents/openstm32/workspace/stm32f4discovery_stdperiph_lib/Debug/libstm32f4discovery_stdperiph_lib.a(stm32f4xx_rcc.o)
                0x0000000008000968                RCC_AHB1PeriphClockCmd
 .text.__libc_init_array
                0x00000000080009a8       0x50 /Users/domenicoamelino/Documents/openstm32/Eclipse.app/Contents/Eclipse/plugins/fr.ac6.mcu.externaltools.arm-none.macos64_1.6.0.201601291255/tools/compiler/bin/../lib/gcc/arm-none-eabi/5.2.1/../../../../arm-none-eabi/lib/armv7e-m/fpu/libc.a(lib_a-init.o)
                0x00000000080009a8                __libc_init_array
 .text.startup.register_fini
                0x00000000080009f8       0x14 /Users/domenicoamelino/Documents/openstm32/Eclipse.app/Contents/Eclipse/plugins/fr.ac6.mcu.externaltools.arm-none.macos64_1.6.0.201601291255/tools/compiler/bin/../lib/gcc/arm-none-eabi/5.2.1/../../../../arm-none-eabi/lib/armv7e-m/fpu/libc.a(lib_a-__call_atexit.o)
 .text.atexit   0x0000000008000a0c        0xc /Users/domenicoamelino/Documents/openstm32/Eclipse.app/Contents/Eclipse/plugins/fr.ac6.mcu.externaltools.arm-none.macos64_1.6.0.201601291255/tools/compiler/bin/../lib/gcc/arm-none-eabi/5.2.1/../../../../arm-none-eabi/lib/armv7e-m/fpu/libc.a(lib_a-atexit.o)
                0x0000000008000a0c                atexit
 .text.__libc_fini_array
                0x0000000008000a18       0x28 /Users/domenicoamelino/Documents/openstm32/Eclipse.app/Contents/Eclipse/plugins/fr.ac6.mcu.externaltools.arm-none.macos64_1.6.0.201601291255/tools/compiler/bin/../lib/gcc/arm-none-eabi/5.2.1/../../../../arm-none-eabi/lib/armv7e-m/fpu/libc.a(lib_a-fini.o)
                0x0000000008000a18                __libc_fini_array
 .text.__register_exitproc
                0x0000000008000a40       0xa4 /Users/domenicoamelino/Documents/openstm32/Eclipse.app/Contents/Eclipse/plugins/fr.ac6.mcu.externaltools.arm-none.macos64_1.6.0.201601291255/tools/compiler/bin/../lib/gcc/arm-none-eabi/5.2.1/../../../../arm-none-eabi/lib/armv7e-m/fpu/libc.a(lib_a-__atexit.o)
                0x0000000008000a40                __register_exitproc
 *(.rodata)
 *(.rodata*)
 .rodata.str1.4
                0x0000000008000ae4        0x4 /Users/domenicoamelino/Documents/openstm32/Eclipse.app/Contents/Eclipse/plugins/fr.ac6.mcu.externaltools.arm-none.macos64_1.6.0.201601291255/tools/compiler/bin/../lib/gcc/arm-none-eabi/5.2.1/../../../../arm-none-eabi/lib/armv7e-m/fpu/libc.a(lib_a-impure.o)
                                          0x2 (size before relaxing)
 .rodata._global_impure_ptr
                0x0000000008000ae8        0x4 /Users/domenicoamelino/Documents/openstm32/Eclipse.app/Contents/Eclipse/plugins/fr.ac6.mcu.externaltools.arm-none.macos64_1.6.0.201601291255/tools/compiler/bin/../lib/gcc/arm-none-eabi/5.2.1/../../../../arm-none-eabi/lib/armv7e-m/fpu/libc.a(lib_a-impure.o)
                0x0000000008000ae8                _global_impure_ptr
 *(.glue_7)
 .glue_7        0x0000000008000aec        0x0 linker stubs
 *(.glue_7t)
 .glue_7t       0x0000000008000aec        0x0 linker stubs
 *(.eh_frame)
 .eh_frame      0x0000000008000aec        0x0 /Users/domenicoamelino/Documents/openstm32/Eclipse.app/Contents/Eclipse/plugins/fr.ac6.mcu.externaltools.arm-none.macos64_1.6.0.201601291255/tools/compiler/bin/../lib/gcc/arm-none-eabi/5.2.1/armv7e-m/fpu/crtbegin.o
 *(.init)
 .init          0x0000000008000aec        0x4 /Users/domenicoamelino/Documents/openstm32/Eclipse.app/Contents/Eclipse/plugins/fr.ac6.mcu.externaltools.arm-none.macos64_1.6.0.201601291255/tools/compiler/bin/../lib/gcc/arm-none-eabi/5.2.1/armv7e-m/fpu/crti.o
                0x0000000008000aec                _init
 .init          0x0000000008000af0        0x8 /Users/domenicoamelino/Documents/openstm32/Eclipse.app/Contents/Eclipse/plugins/fr.ac6.mcu.externaltools.arm-none.macos64_1.6.0.201601291255/tools/compiler/bin/../lib/gcc/arm-none-eabi/5.2.1/armv7e-m/fpu/crtn.o
 *(.fini)
 .fini          0x0000000008000af8        0x4 /Users/domenicoamelino/Documents/openstm32/Eclipse.app/Contents/Eclipse/plugins/fr.ac6.mcu.externaltools.arm-none.macos64_1.6.0.201601291255/tools/compiler/bin/../lib/gcc/arm-none-eabi/5.2.1/armv7e-m/fpu/crti.o
                0x0000000008000af8                _fini
 .fini          0x0000000008000afc        0x8 /Users/domenicoamelino/Documents/openstm32/Eclipse.app/Contents/Eclipse/plugins/fr.ac6.mcu.externaltools.arm-none.macos64_1.6.0.201601291255/tools/compiler/bin/../lib/gcc/arm-none-eabi/5.2.1/armv7e-m/fpu/crtn.o
                0x0000000008000b04                . = ALIGN (0x4)
                0x0000000008000b04                _etext = .

.vfp11_veneer   0x0000000008000b04        0x0
 .vfp11_veneer  0x0000000008000b04        0x0 linker stubs

.v4_bx          0x0000000008000b04        0x0
 .v4_bx         0x0000000008000b04        0x0 linker stubs

.iplt           0x0000000008000b04        0x0
 .iplt          0x0000000008000b04        0x0 /Users/domenicoamelino/Documents/openstm32/Eclipse.app/Contents/Eclipse/plugins/fr.ac6.mcu.externaltools.arm-none.macos64_1.6.0.201601291255/tools/compiler/bin/../lib/gcc/arm-none-eabi/5.2.1/armv7e-m/fpu/crtbegin.o

.rel.dyn        0x0000000008000b04        0x0
 .rel.iplt      0x0000000008000b04        0x0 /Users/domenicoamelino/Documents/openstm32/Eclipse.app/Contents/Eclipse/plugins/fr.ac6.mcu.externaltools.arm-none.macos64_1.6.0.201601291255/tools/compiler/bin/../lib/gcc/arm-none-eabi/5.2.1/armv7e-m/fpu/crtbegin.o

.ARM.extab
 *(.ARM.extab* .gnu.linkonce.armextab.*)

.ARM            0x0000000008000b04        0x0
                0x0000000008000b04                __exidx_start = .
 *(.ARM.exidx*)
                0x0000000008000b04                __exidx_end = .

.preinit_array  0x0000000008000b04        0x0
                0x0000000008000b04                PROVIDE (__preinit_array_start, .)
 *(.preinit_array*)
                0x0000000008000b04                PROVIDE (__preinit_array_end, .)

.init_array     0x0000000008000b04        0x8
                0x0000000008000b04                PROVIDE (__init_array_start, .)
 *(SORT(.init_array.*))
 .init_array.00000
                0x0000000008000b04        0x4 /Users/domenicoamelino/Documents/openstm32/Eclipse.app/Contents/Eclipse/plugins/fr.ac6.mcu.externaltools.arm-none.macos64_1.6.0.201601291255/tools/compiler/bin/../lib/gcc/arm-none-eabi/5.2.1/../../../../arm-none-eabi/lib/armv7e-m/fpu/libc.a(lib_a-__call_atexit.o)
 *(.init_array*)
 .init_array    0x0000000008000b08        0x4 /Users/domenicoamelino/Documents/openstm32/Eclipse.app/Contents/Eclipse/plugins/fr.ac6.mcu.externaltools.arm-none.macos64_1.6.0.201601291255/tools/compiler/bin/../lib/gcc/arm-none-eabi/5.2.1/armv7e-m/fpu/crtbegin.o
                0x0000000008000b0c                PROVIDE (__init_array_end, .)

.fini_array     0x0000000008000b0c        0x4
                0x0000000008000b0c                PROVIDE (__fini_array_start, .)
 *(.fini_array*)
 .fini_array    0x0000000008000b0c        0x4 /Users/domenicoamelino/Documents/openstm32/Eclipse.app/Contents/Eclipse/plugins/fr.ac6.mcu.externaltools.arm-none.macos64_1.6.0.201601291255/tools/compiler/bin/../lib/gcc/arm-none-eabi/5.2.1/armv7e-m/fpu/crtbegin.o
 *(SORT(.fini_array.*))
                0x0000000008000b10                PROVIDE (__fini_array_end, .)
                0x0000000008000b10                _sidata = .

.data           0x0000000020000000      0x4d8 load address 0x0000000008000b10
                0x0000000020000000                . = ALIGN (0x4)
                0x0000000020000000                _sdata = .
 *(.data)
 .data          0x0000000020000000       0x50 src/stm32_ub_led.o
                0x0000000020000000                LED
 .data          0x0000000020000050       0x60 src/tm_stm32f4_usart.o
                0x0000000020000050                TM_USART1
                0x0000000020000060                TM_USART2
                0x0000000020000070                TM_USART3
                0x0000000020000080                TM_UART4
                0x0000000020000090                TM_UART5
                0x00000000200000a0                TM_USART6
 *(.data*)
 .data.impure_data
                0x00000000200000b0      0x428 /Users/domenicoamelino/Documents/openstm32/Eclipse.app/Contents/Eclipse/plugins/fr.ac6.mcu.externaltools.arm-none.macos64_1.6.0.201601291255/tools/compiler/bin/../lib/gcc/arm-none-eabi/5.2.1/../../../../arm-none-eabi/lib/armv7e-m/fpu/libc.a(lib_a-impure.o)
                0x00000000200004d8                . = ALIGN (0x4)
                0x00000000200004d8                _edata = .

.jcr            0x00000000200004d8        0x0 load address 0x0000000008000fe8
 .jcr           0x00000000200004d8        0x0 /Users/domenicoamelino/Documents/openstm32/Eclipse.app/Contents/Eclipse/plugins/fr.ac6.mcu.externaltools.arm-none.macos64_1.6.0.201601291255/tools/compiler/bin/../lib/gcc/arm-none-eabi/5.2.1/armv7e-m/fpu/crtbegin.o

.tm_clone_table
                0x00000000200004d8        0x0 load address 0x0000000008000fe8
 .tm_clone_table
                0x00000000200004d8        0x0 /Users/domenicoamelino/Documents/openstm32/Eclipse.app/Contents/Eclipse/plugins/fr.ac6.mcu.externaltools.arm-none.macos64_1.6.0.201601291255/tools/compiler/bin/../lib/gcc/arm-none-eabi/5.2.1/armv7e-m/fpu/crtbegin.o
 .tm_clone_table
                0x00000000200004d8        0x0 /Users/domenicoamelino/Documents/openstm32/Eclipse.app/Contents/Eclipse/plugins/fr.ac6.mcu.externaltools.arm-none.macos64_1.6.0.201601291255/tools/compiler/bin/../lib/gcc/arm-none-eabi/5.2.1/armv7e-m/fpu/crtend.o

.igot.plt       0x00000000200004d8        0x0 load address 0x0000000008000fe8
 .igot.plt      0x00000000200004d8        0x0 /Users/domenicoamelino/Documents/openstm32/Eclipse.app/Contents/Eclipse/plugins/fr.ac6.mcu.externaltools.arm-none.macos64_1.6.0.201601291255/tools/compiler/bin/../lib/gcc/arm-none-eabi/5.2.1/armv7e-m/fpu/crtbegin.o
                0x00000000200004d8                . = ALIGN (0x4)

.bss            0x00000000200004d8       0xdc load address 0x0000000008000fe8
                0x00000000200004d8                _sbss = .
                0x00000000200004d8                __bss_start__ = _sbss
 *(.bss)
 .bss           0x00000000200004d8       0x1c /Users/domenicoamelino/Documents/openstm32/Eclipse.app/Contents/Eclipse/plugins/fr.ac6.mcu.externaltools.arm-none.macos64_1.6.0.201601291255/tools/compiler/bin/../lib/gcc/arm-none-eabi/5.2.1/armv7e-m/fpu/crtbegin.o
 *(.bss*)
 *(COMMON)
 COMMON         0x00000000200004f4       0xc0 src/tm_stm32f4_usart.o
                0x00000000200004f4                TM_UART5_Buffer
                0x0000000020000514                TM_USART6_Buffer
                0x0000000020000534                TM_USART3_Buffer
                0x0000000020000554                TM_USART2_Buffer
                0x0000000020000574                TM_USART1_Buffer
                0x0000000020000594                TM_UART4_Buffer
                0x00000000200005b4                . = ALIGN (0x4)
                0x00000000200005b4                _ebss = .
                0x00000000200005b4                __bss_end__ = _ebss

._user_heap_stack
                0x00000000200005b4      0x404 load address 0x00000000080010c4
                0x00000000200005b8                . = ALIGN (0x8)
 *fill*         0x00000000200005b4        0x4 
                0x00000000200005b8                PROVIDE (end, .)
                [!provide]                        PROVIDE (_end, .)
                0x00000000200005b8                . = (. + _Min_Heap_Size)
                0x00000000200009b8                . = (. + _Min_Stack_Size)
 *fill*         0x00000000200005b8      0x400 
                0x00000000200009b8                . = ALIGN (0x8)

.memory_b1_text
 *(.mb1text)
 *(.mb1text*)
 *(.mb1rodata)
 *(.mb1rodata*)

/DISCARD/
 libc.a(*)
 libm.a(*)
 libgcc.a(*)

.ARM.attributes
                0x0000000000000000       0x30
 *(.ARM.attributes)
 .ARM.attributes
                0x0000000000000000       0x22 /Users/domenicoamelino/Documents/openstm32/Eclipse.app/Contents/Eclipse/plugins/fr.ac6.mcu.externaltools.arm-none.macos64_1.6.0.201601291255/tools/compiler/bin/../lib/gcc/arm-none-eabi/5.2.1/armv7e-m/fpu/crti.o
 .ARM.attributes
                0x0000000000000022       0x34 /Users/domenicoamelino/Documents/openstm32/Eclipse.app/Contents/Eclipse/plugins/fr.ac6.mcu.externaltools.arm-none.macos64_1.6.0.201601291255/tools/compiler/bin/../lib/gcc/arm-none-eabi/5.2.1/armv7e-m/fpu/crtbegin.o
 .ARM.attributes
                0x0000000000000056       0x39 src/main.o
 .ARM.attributes
                0x000000000000008f       0x39 src/stm32_ub_led.o
 .ARM.attributes
                0x00000000000000c8       0x39 src/system_stm32f4xx.o
 .ARM.attributes
                0x0000000000000101       0x39 src/tm_stm32f4_rng.o
 .ARM.attributes
                0x000000000000013a       0x39 src/tm_stm32f4_usart.o
 .ARM.attributes
                0x0000000000000173       0x21 startup/startup_stm32f4xx.o
 .ARM.attributes
                0x0000000000000194       0x39 /Users/domenicoamelino/Documents/openstm32/workspace/stm32f4discovery_stdperiph_lib/Debug/libstm32f4discovery_stdperiph_lib.a(stm32f4xx_gpio.o)
 .ARM.attributes
                0x00000000000001cd       0x39 /Users/domenicoamelino/Documents/openstm32/workspace/stm32f4discovery_stdperiph_lib/Debug/libstm32f4discovery_stdperiph_lib.a(stm32f4xx_rcc.o)
 .ARM.attributes
                0x0000000000000206       0x34 /Users/domenicoamelino/Documents/openstm32/Eclipse.app/Contents/Eclipse/plugins/fr.ac6.mcu.externaltools.arm-none.macos64_1.6.0.201601291255/tools/compiler/bin/../lib/gcc/arm-none-eabi/5.2.1/../../../../arm-none-eabi/lib/armv7e-m/fpu/libc.a(lib_a-impure.o)
 .ARM.attributes
                0x000000000000023a       0x34 /Users/domenicoamelino/Documents/openstm32/Eclipse.app/Contents/Eclipse/plugins/fr.ac6.mcu.externaltools.arm-none.macos64_1.6.0.201601291255/tools/compiler/bin/../lib/gcc/arm-none-eabi/5.2.1/../../../../arm-none-eabi/lib/armv7e-m/fpu/libc.a(lib_a-init.o)
 .ARM.attributes
                0x000000000000026e       0x34 /Users/domenicoamelino/Documents/openstm32/Eclipse.app/Contents/Eclipse/plugins/fr.ac6.mcu.externaltools.arm-none.macos64_1.6.0.201601291255/tools/compiler/bin/../lib/gcc/arm-none-eabi/5.2.1/../../../../arm-none-eabi/lib/armv7e-m/fpu/libc.a(lib_a-__call_atexit.o)
 .ARM.attributes
                0x00000000000002a2       0x34 /Users/domenicoamelino/Documents/openstm32/Eclipse.app/Contents/Eclipse/plugins/fr.ac6.mcu.externaltools.arm-none.macos64_1.6.0.201601291255/tools/compiler/bin/../lib/gcc/arm-none-eabi/5.2.1/../../../../arm-none-eabi/lib/armv7e-m/fpu/libc.a(lib_a-atexit.o)
 .ARM.attributes
                0x00000000000002d6       0x34 /Users/domenicoamelino/Documents/openstm32/Eclipse.app/Contents/Eclipse/plugins/fr.ac6.mcu.externaltools.arm-none.macos64_1.6.0.201601291255/tools/compiler/bin/../lib/gcc/arm-none-eabi/5.2.1/../../../../arm-none-eabi/lib/armv7e-m/fpu/libc.a(lib_a-fini.o)
 .ARM.attributes
                0x000000000000030a       0x34 /Users/domenicoamelino/Documents/openstm32/Eclipse.app/Contents/Eclipse/plugins/fr.ac6.mcu.externaltools.arm-none.macos64_1.6.0.201601291255/tools/compiler/bin/../lib/gcc/arm-none-eabi/5.2.1/../../../../arm-none-eabi/lib/armv7e-m/fpu/libc.a(lib_a-__atexit.o)
 .ARM.attributes
                0x000000000000033e       0x34 /Users/domenicoamelino/Documents/openstm32/Eclipse.app/Contents/Eclipse/plugins/fr.ac6.mcu.externaltools.arm-none.macos64_1.6.0.201601291255/tools/compiler/bin/../lib/gcc/arm-none-eabi/5.2.1/armv7e-m/fpu/crtend.o
 .ARM.attributes
                0x0000000000000372       0x22 /Users/domenicoamelino/Documents/openstm32/Eclipse.app/Contents/Eclipse/plugins/fr.ac6.mcu.externaltools.arm-none.macos64_1.6.0.201601291255/tools/compiler/bin/../lib/gcc/arm-none-eabi/5.2.1/armv7e-m/fpu/crtn.o
OUTPUT(aging_test.elf elf32-littlearm)

.debug_info     0x0000000000000000     0x30b4
 .debug_info    0x0000000000000000      0x1c9 src/main.o
 .debug_info    0x00000000000001c9      0x43e src/stm32_ub_led.o
 .debug_info    0x0000000000000607      0x59e src/system_stm32f4xx.o
 .debug_info    0x0000000000000ba5      0x2d5 src/tm_stm32f4_rng.o
 .debug_info    0x0000000000000e7a      0xf2d src/tm_stm32f4_usart.o
 .debug_info    0x0000000000001da7       0x8a startup/startup_stm32f4xx.o
 .debug_info    0x0000000000001e31      0x622 /Users/domenicoamelino/Documents/openstm32/workspace/stm32f4discovery_stdperiph_lib/Debug/libstm32f4discovery_stdperiph_lib.a(stm32f4xx_gpio.o)
 .debug_info    0x0000000000002453      0xc61 /Users/domenicoamelino/Documents/openstm32/workspace/stm32f4discovery_stdperiph_lib/Debug/libstm32f4discovery_stdperiph_lib.a(stm32f4xx_rcc.o)

.debug_abbrev   0x0000000000000000      0xa5a
 .debug_abbrev  0x0000000000000000       0xf5 src/main.o
 .debug_abbrev  0x00000000000000f5      0x152 src/stm32_ub_led.o
 .debug_abbrev  0x0000000000000247      0x13d src/system_stm32f4xx.o
 .debug_abbrev  0x0000000000000384       0xce src/tm_stm32f4_rng.o
 .debug_abbrev  0x0000000000000452      0x260 src/tm_stm32f4_usart.o
 .debug_abbrev  0x00000000000006b2       0x12 startup/startup_stm32f4xx.o
 .debug_abbrev  0x00000000000006c4      0x1ac /Users/domenicoamelino/Documents/openstm32/workspace/stm32f4discovery_stdperiph_lib/Debug/libstm32f4discovery_stdperiph_lib.a(stm32f4xx_gpio.o)
 .debug_abbrev  0x0000000000000870      0x1ea /Users/domenicoamelino/Documents/openstm32/workspace/stm32f4discovery_stdperiph_lib/Debug/libstm32f4discovery_stdperiph_lib.a(stm32f4xx_rcc.o)

.debug_aranges  0x0000000000000000      0x3e8
 .debug_aranges
                0x0000000000000000       0x28 src/main.o
 .debug_aranges
                0x0000000000000028       0x40 src/stm32_ub_led.o
 .debug_aranges
                0x0000000000000068       0x30 src/system_stm32f4xx.o
 .debug_aranges
                0x0000000000000098       0x30 src/tm_stm32f4_rng.o
 .debug_aranges
                0x00000000000000c8       0xf8 src/tm_stm32f4_usart.o
 .debug_aranges
                0x00000000000001c0       0x28 startup/startup_stm32f4xx.o
 .debug_aranges
                0x00000000000001e8       0x88 /Users/domenicoamelino/Documents/openstm32/workspace/stm32f4discovery_stdperiph_lib/Debug/libstm32f4discovery_stdperiph_lib.a(stm32f4xx_gpio.o)
 .debug_aranges
                0x0000000000000270      0x178 /Users/domenicoamelino/Documents/openstm32/workspace/stm32f4discovery_stdperiph_lib/Debug/libstm32f4discovery_stdperiph_lib.a(stm32f4xx_rcc.o)

.debug_ranges   0x0000000000000000      0x370
 .debug_ranges  0x0000000000000000       0x18 src/main.o
 .debug_ranges  0x0000000000000018       0x30 src/stm32_ub_led.o
 .debug_ranges  0x0000000000000048       0x20 src/system_stm32f4xx.o
 .debug_ranges  0x0000000000000068       0x20 src/tm_stm32f4_rng.o
 .debug_ranges  0x0000000000000088       0xe8 src/tm_stm32f4_usart.o
 .debug_ranges  0x0000000000000170       0x20 startup/startup_stm32f4xx.o
 .debug_ranges  0x0000000000000190       0x78 /Users/domenicoamelino/Documents/openstm32/workspace/stm32f4discovery_stdperiph_lib/Debug/libstm32f4discovery_stdperiph_lib.a(stm32f4xx_gpio.o)
 .debug_ranges  0x0000000000000208      0x168 /Users/domenicoamelino/Documents/openstm32/workspace/stm32f4discovery_stdperiph_lib/Debug/libstm32f4discovery_stdperiph_lib.a(stm32f4xx_rcc.o)

.debug_macro    0x0000000000000000     0xf50f
 .debug_macro   0x0000000000000000      0x330 src/main.o
 .debug_macro   0x0000000000000330      0x8b0 src/main.o
 .debug_macro   0x0000000000000be0       0x63 src/main.o
 .debug_macro   0x0000000000000c43       0x35 src/main.o
 .debug_macro   0x0000000000000c78       0x22 src/main.o
 .debug_macro   0x0000000000000c9a       0x44 src/main.o
 .debug_macro   0x0000000000000cde       0xfd src/main.o
 .debug_macro   0x0000000000000ddb       0x22 src/main.o
 .debug_macro   0x0000000000000dfd      0x1df src/main.o
 .debug_macro   0x0000000000000fdc       0x18 src/main.o
 .debug_macro   0x0000000000000ff4       0x42 src/main.o
 .debug_macro   0x0000000000001036      0x8cb src/main.o
 .debug_macro   0x0000000000001901     0x8057 src/main.o
 .debug_macro   0x0000000000009958       0x16 src/main.o
 .debug_macro   0x000000000000996e      0x44e src/main.o
 .debug_macro   0x0000000000009dbc      0x3cf src/main.o
 .debug_macro   0x000000000000a18b      0x111 src/main.o
 .debug_macro   0x000000000000a29c      0x182 src/main.o
 .debug_macro   0x000000000000a41e       0xb2 src/main.o
 .debug_macro   0x000000000000a4d0      0x146 src/main.o
 .debug_macro   0x000000000000a616      0x477 src/main.o
 .debug_macro   0x000000000000aa8d       0xac src/main.o
 .debug_macro   0x000000000000ab39      0x241 src/main.o
 .debug_macro   0x000000000000ad7a      0x279 src/main.o
 .debug_macro   0x000000000000aff3       0xb5 src/main.o
 .debug_macro   0x000000000000b0a8      0x265 src/main.o
 .debug_macro   0x000000000000b30d      0x2b1 src/main.o
 .debug_macro   0x000000000000b5be       0x64 src/main.o
 .debug_macro   0x000000000000b622       0xa6 src/main.o
 .debug_macro   0x000000000000b6c8      0x538 src/main.o
 .debug_macro   0x000000000000bc00       0x40 src/main.o
 .debug_macro   0x000000000000bc40      0x57a src/main.o
 .debug_macro   0x000000000000c1ba      0x341 src/main.o
 .debug_macro   0x000000000000c4fb      0x36a src/main.o
 .debug_macro   0x000000000000c865       0xdf src/main.o
 .debug_macro   0x000000000000c944      0x73b src/main.o
 .debug_macro   0x000000000000d07f      0x220 src/main.o
 .debug_macro   0x000000000000d29f       0x34 src/main.o
 .debug_macro   0x000000000000d2d3       0x7f src/main.o
 .debug_macro   0x000000000000d352       0x35 src/main.o
 .debug_macro   0x000000000000d387       0x88 src/main.o
 .debug_macro   0x000000000000d40f       0x16 src/main.o
 .debug_macro   0x000000000000d425       0xaf src/main.o
 .debug_macro   0x000000000000d4d4      0x1a1 src/main.o
 .debug_macro   0x000000000000d675       0x16 src/main.o
 .debug_macro   0x000000000000d68b       0x10 src/main.o
 .debug_macro   0x000000000000d69b       0x58 src/main.o
 .debug_macro   0x000000000000d6f3       0x35 src/main.o
 .debug_macro   0x000000000000d728       0x9c src/main.o
 .debug_macro   0x000000000000d7c4       0x16 src/main.o
 .debug_macro   0x000000000000d7da       0x97 src/main.o
 .debug_macro   0x000000000000d871      0x329 src/main.o
 .debug_macro   0x000000000000db9a       0xfd src/main.o
 .debug_macro   0x000000000000dc97       0x10 src/main.o
 .debug_macro   0x000000000000dca7       0x52 src/main.o
 .debug_macro   0x000000000000dcf9       0x16 src/main.o
 .debug_macro   0x000000000000dd0f       0x43 src/main.o
 .debug_macro   0x000000000000dd52      0x187 src/main.o
 .debug_macro   0x000000000000ded9       0x10 src/main.o
 .debug_macro   0x000000000000dee9       0x22 src/main.o
 .debug_macro   0x000000000000df0b       0x3a src/main.o
 .debug_macro   0x000000000000df45       0x10 src/main.o
 .debug_macro   0x000000000000df55       0x40 src/main.o
 .debug_macro   0x000000000000df95       0x65 src/main.o
 .debug_macro   0x000000000000dffa       0x16 src/main.o
 .debug_macro   0x000000000000e010      0x197 src/main.o
 .debug_macro   0x000000000000e1a7      0x1be src/stm32_ub_led.o
 .debug_macro   0x000000000000e365      0x1d7 src/system_stm32f4xx.o
 .debug_macro   0x000000000000e53c      0x1bf src/tm_stm32f4_rng.o
 .debug_macro   0x000000000000e6fb       0x10 src/tm_stm32f4_rng.o
 .debug_macro   0x000000000000e70b      0x1ee src/tm_stm32f4_usart.o
 .debug_macro   0x000000000000e8f9       0x79 src/tm_stm32f4_usart.o
 .debug_macro   0x000000000000e972      0x1b4 /Users/domenicoamelino/Documents/openstm32/workspace/stm32f4discovery_stdperiph_lib/Debug/libstm32f4discovery_stdperiph_lib.a(stm32f4xx_gpio.o)
 .debug_macro   0x000000000000eb26      0x25f /Users/domenicoamelino/Documents/openstm32/workspace/stm32f4discovery_stdperiph_lib/Debug/libstm32f4discovery_stdperiph_lib.a(stm32f4xx_gpio.o)
 .debug_macro   0x000000000000ed85      0x258 /Users/domenicoamelino/Documents/openstm32/workspace/stm32f4discovery_stdperiph_lib/Debug/libstm32f4discovery_stdperiph_lib.a(stm32f4xx_rcc.o)
 .debug_macro   0x000000000000efdd      0x532 /Users/domenicoamelino/Documents/openstm32/workspace/stm32f4discovery_stdperiph_lib/Debug/libstm32f4discovery_stdperiph_lib.a(stm32f4xx_rcc.o)

.debug_line     0x0000000000000000     0x3e45
 .debug_line    0x0000000000000000      0x943 src/main.o
 .debug_line    0x0000000000000943      0x795 src/stm32_ub_led.o
 .debug_line    0x00000000000010d8      0x79e src/system_stm32f4xx.o
 .debug_line    0x0000000000001876      0x76a src/tm_stm32f4_rng.o
 .debug_line    0x0000000000001fe0      0xa6c src/tm_stm32f4_usart.o
 .debug_line    0x0000000000002a4c       0x7b startup/startup_stm32f4xx.o
 .debug_line    0x0000000000002ac7      0x89c /Users/domenicoamelino/Documents/openstm32/workspace/stm32f4discovery_stdperiph_lib/Debug/libstm32f4discovery_stdperiph_lib.a(stm32f4xx_gpio.o)
 .debug_line    0x0000000000003363      0xae2 /Users/domenicoamelino/Documents/openstm32/workspace/stm32f4discovery_stdperiph_lib/Debug/libstm32f4discovery_stdperiph_lib.a(stm32f4xx_rcc.o)

.debug_str      0x0000000000000000    0x5c10c
 .debug_str     0x0000000000000000    0x5a533 src/main.o
                                      0x5a75c (size before relaxing)
 .debug_str     0x000000000005a533      0x215 src/stm32_ub_led.o
                                      0x55e8e (size before relaxing)
 .debug_str     0x000000000005a748      0x24d src/system_stm32f4xx.o
                                      0x55e67 (size before relaxing)
 .debug_str     0x000000000005a995       0x49 src/tm_stm32f4_rng.o
                                      0x55d72 (size before relaxing)
 .debug_str     0x000000000005a9de      0xb1c src/tm_stm32f4_usart.o
                                      0x57705 (size before relaxing)
 .debug_str     0x000000000005b4fa      0x1e6 /Users/domenicoamelino/Documents/openstm32/workspace/stm32f4discovery_stdperiph_lib/Debug/libstm32f4discovery_stdperiph_lib.a(stm32f4xx_gpio.o)
                                      0x55f28 (size before relaxing)
 .debug_str     0x000000000005b6e0      0xa2c /Users/domenicoamelino/Documents/openstm32/workspace/stm32f4discovery_stdperiph_lib/Debug/libstm32f4discovery_stdperiph_lib.a(stm32f4xx_rcc.o)
                                      0x567a9 (size before relaxing)

.comment        0x0000000000000000       0x6e
 .comment       0x0000000000000000       0x6e src/main.o
                                         0x6f (size before relaxing)
 .comment       0x000000000000006e       0x6f src/stm32_ub_led.o
 .comment       0x000000000000006e       0x6f src/system_stm32f4xx.o
 .comment       0x000000000000006e       0x6f src/tm_stm32f4_rng.o
 .comment       0x000000000000006e       0x6f src/tm_stm32f4_usart.o
 .comment       0x000000000000006e       0x6f /Users/domenicoamelino/Documents/openstm32/workspace/stm32f4discovery_stdperiph_lib/Debug/libstm32f4discovery_stdperiph_lib.a(stm32f4xx_gpio.o)
 .comment       0x000000000000006e       0x6f /Users/domenicoamelino/Documents/openstm32/workspace/stm32f4discovery_stdperiph_lib/Debug/libstm32f4discovery_stdperiph_lib.a(stm32f4xx_rcc.o)

.debug_frame    0x0000000000000000     0x1014
 .debug_frame   0x0000000000000000       0x58 src/main.o
 .debug_frame   0x0000000000000058       0xd0 src/stm32_ub_led.o
 .debug_frame   0x0000000000000128       0x7c src/system_stm32f4xx.o
 .debug_frame   0x00000000000001a4       0x70 src/tm_stm32f4_rng.o
 .debug_frame   0x0000000000000214      0x3ec src/tm_stm32f4_usart.o
 .debug_frame   0x0000000000000600      0x23c /Users/domenicoamelino/Documents/openstm32/workspace/stm32f4discovery_stdperiph_lib/Debug/libstm32f4discovery_stdperiph_lib.a(stm32f4xx_gpio.o)
 .debug_frame   0x000000000000083c      0x6d4 /Users/domenicoamelino/Documents/openstm32/workspace/stm32f4discovery_stdperiph_lib/Debug/libstm32f4discovery_stdperiph_lib.a(stm32f4xx_rcc.o)
 .debug_frame   0x0000000000000f10       0x2c /Users/domenicoamelino/Documents/openstm32/Eclipse.app/Contents/Eclipse/plugins/fr.ac6.mcu.externaltools.arm-none.macos64_1.6.0.201601291255/tools/compiler/bin/../lib/gcc/arm-none-eabi/5.2.1/../../../../arm-none-eabi/lib/armv7e-m/fpu/libc.a(lib_a-init.o)
 .debug_frame   0x0000000000000f3c       0x50 /Users/domenicoamelino/Documents/openstm32/Eclipse.app/Contents/Eclipse/plugins/fr.ac6.mcu.externaltools.arm-none.macos64_1.6.0.201601291255/tools/compiler/bin/../lib/gcc/arm-none-eabi/5.2.1/../../../../arm-none-eabi/lib/armv7e-m/fpu/libc.a(lib_a-__call_atexit.o)
 .debug_frame   0x0000000000000f8c       0x20 /Users/domenicoamelino/Documents/openstm32/Eclipse.app/Contents/Eclipse/plugins/fr.ac6.mcu.externaltools.arm-none.macos64_1.6.0.201601291255/tools/compiler/bin/../lib/gcc/arm-none-eabi/5.2.1/../../../../arm-none-eabi/lib/armv7e-m/fpu/libc.a(lib_a-atexit.o)
 .debug_frame   0x0000000000000fac       0x34 /Users/domenicoamelino/Documents/openstm32/Eclipse.app/Contents/Eclipse/plugins/fr.ac6.mcu.externaltools.arm-none.macos64_1.6.0.201601291255/tools/compiler/bin/../lib/gcc/arm-none-eabi/5.2.1/../../../../arm-none-eabi/lib/armv7e-m/fpu/libc.a(lib_a-fini.o)
 .debug_frame   0x0000000000000fe0       0x34 /Users/domenicoamelino/Documents/openstm32/Eclipse.app/Contents/Eclipse/plugins/fr.ac6.mcu.externaltools.arm-none.macos64_1.6.0.201601291255/tools/compiler/bin/../lib/gcc/arm-none-eabi/5.2.1/../../../../arm-none-eabi/lib/armv7e-m/fpu/libc.a(lib_a-__atexit.o)
